{"seed": 1006, "team": "Y", "result": {"winner": "K", "reason": "score", "score": {"Y": 9, "K": 21}, "turns": 160, "seed": 1006}, "win": false, "draw": false, "score_margin": -12, "max_turn_ms": 33.151235000332235, "opponent_max_turn_ms": 70.45457599997462, "replay": "records/tuning/assets/losses-team/seed-1006-Y.json"}
{"seed": 1006, "team": "K", "result": {"winner": "K", "reason": "score", "score": {"Y": 14, "K": 18}, "turns": 160, "seed": 1006}, "win": true, "draw": false, "score_margin": 4, "max_turn_ms": 57.0693200002097, "opponent_max_turn_ms": 75.73899699991671}
{"seed": 1007, "team": "Y", "result": {"winner": "K", "reason": "score", "score": {"Y": 5, "K": 28}, "turns": 160, "seed": 1007}, "win": false, "draw": false, "score_margin": -23, "max_turn_ms": 29.020479999871895, "opponent_max_turn_ms": 84.27350400006617, "replay": "records/tuning/assets/losses-team/seed-1007-Y.json"}
{"seed": 1007, "team": "K", "result": {"winner": "Y", "reason": "score", "score": {"Y": 21, "K": 9}, "turns": 160, "seed": 1007}, "win": false, "draw": false, "score_margin": -12, "max_turn_ms": 45.72561399982078, "opponent_max_turn_ms": 53.23625400023957, "replay": "records/tuning/assets/losses-team/seed-1007-K.json"}
{"seed": 1008, "team": "Y", "result": {"winner": "K", "reason": "score", "score": {"Y": 13, "K": 20}, "turns": 160, "seed": 1008}, "win": false, "draw": false, "score_margin": -7, "max_turn_ms": 38.068482000198856, "opponent_max_turn_ms": 103.40691999999763, "replay": "records/tuning/assets/losses-team/seed-1008-Y.json"}
{"seed": 1008, "team": "K", "result": {"winner": "Y", "reason": "score", "score": {"Y": 31, "K": 2}, "turns": 160, "seed": 1008}, "win": false, "draw": false, "score_margin": -29, "max_turn_ms": 43.548148999889236, "opponent_max_turn_ms": 55.796426000142674, "replay": "records/tuning/assets/losses-team/seed-1008-K.json"}
{"seed": 1009, "team": "Y", "result": {"winner": "K", "reason": "score", "score": {"Y": 15, "K": 22}, "turns": 160, "seed": 1009}, "win": false, "draw": false, "score_margin": -7, "max_turn_ms": 29.144122000161587, "opponent_max_turn_ms": 90.67069799993988, "replay": "records/tuning/assets/losses-team/seed-1009-Y.json"}
{"seed": 1009, "team": "K", "result": {"winner": "Y", "reason": "score", "score": {"Y": 20, "K": 19}, "turns": 160, "seed": 1009}, "win": false, "draw": false, "score_margin": -1, "max_turn_ms": 41.8500910000148, "opponent_max_turn_ms": 75.79319599972223, "replay": "records/tuning/assets/losses-team/seed-1009-K.json"}
{"seed": 1010, "team": "K", "result": {"winner": "K", "reason": "instant", "score": {"Y": 0, "K": 30}, "turns": 144, "seed": 1010}, "win": true, "draw": false, "score_margin": 30, "max_turn_ms": 29.889943999933166, "opponent_max_turn_ms": 83.34515699971234}
{"seed": 1010, "team": "Y", "result": {"winner": "Y", "reason": "score", "score": {"Y": 31, "K": 4}, "turns": 160, "seed": 1010}, "win": true, "draw": false, "score_margin": 27, "max_turn_ms": 36.60902100000385, "opponent_max_turn_ms": 67.62385199999699}
{"seed": 1011, "team": "Y", "result": {"winner": "Y", "reason": "score", "score": {"Y": 20, "K": 18}, "turns": 160, "seed": 1011}, "win": true, "draw": false, "score_margin": 2, "max_turn_ms": 24.594408000211843, "opponent_max_turn_ms": 57.08721399969363}
{"seed": 1011, "team": "K", "result": {"winner": "K", "reason": "score", "score": {"Y": 6, "K": 35}, "turns": 160, "seed": 1011}, "win": true, "draw": false, "score_margin": 29, "max_turn_ms": 22.81467300008444, "opponent_max_turn_ms": 48.05007699997077}
{"seed": 1012, "team": "Y", "result": {"winner": "Y", "reason": "score", "score": {"Y": 20, "K": 17}, "turns": 160, "seed": 1012}, "win": true, "draw": false, "score_margin": 3, "max_turn_ms": 26.62587699978758, "opponent_max_turn_ms": 62.975458999972034}
{"seed": 1012, "team": "K", "result": {"winner": "K", "reason": "score", "score": {"Y": 10, "K": 29}, "turns": 160, "seed": 1012}, "win": true, "draw": false, "score_margin": 19, "max_turn_ms": 30.43153400039955, "opponent_max_turn_ms": 57.002112999725796}
{"seed": 1013, "team": "Y", "result": {"winner": "Y", "reason": "instant", "score": {"Y": 31, "K": 0}, "turns": 122, "seed": 1013}, "win": true, "draw": false, "score_margin": 31, "max_turn_ms": 29.247523000321962, "opponent_max_turn_ms": 73.48009000043021}
{"seed": 1013, "team": "K", "result": {"winner": "K", "reason": "instant", "score": {"Y": 0, "K": 35}, "turns": 153, "seed": 1013}, "win": true, "draw": false, "score_margin": 35, "max_turn_ms": 28.260193999813055, "opponent_max_turn_ms": 68.4889590002058}
{"seed": 1014, "team": "Y", "result": {"winner": "Y", "reason": "score", "score": {"Y": 24, "K": 10}, "turns": 160, "seed": 1014}, "win": true, "draw": false, "score_margin": 14, "max_turn_ms": 29.848747000414733, "opponent_max_turn_ms": 78.09270300003845}
{"seed": 1014, "team": "K", "result": {"winner": "Y", "reason": "score", "score": {"Y": 20, "K": 15}, "turns": 160, "seed": 1014}, "win": false, "draw": false, "score_margin": -5, "max_turn_ms": 26.660093999907986, "opponent_max_turn_ms": 62.706940000225586, "replay": "records/tuning/assets/losses-team/seed-1014-K.json"}
{"seed": 1015, "team": "Y", "result": {"winner": "K", "reason": "score", "score": {"Y": 16, "K": 21}, "turns": 160, "seed": 1015}, "win": false, "draw": false, "score_margin": -5, "max_turn_ms": 37.37213999966116, "opponent_max_turn_ms": 75.72462199959773, "replay": "records/tuning/assets/losses-team/seed-1015-Y.json"}
{"seed": 1015, "team": "K", "result": {"winner": "K", "reason": "score", "score": {"Y": 11, "K": 26}, "turns": 160, "seed": 1015}, "win": true, "draw": false, "score_margin": 15, "max_turn_ms": 30.392393000056472, "opponent_max_turn_ms": 61.802097000054346}
{"seed": 1016, "team": "Y", "result": {"winner": "Y", "reason": "instant", "score": {"Y": 36, "K": 0}, "turns": 104, "seed": 1016}, "win": true, "draw": false, "score_margin": 36, "max_turn_ms": 32.40349900033834, "opponent_max_turn_ms": 83.96930399976554}
{"seed": 1017, "team": "Y", "result": {"winner": "K", "reason": "instant", "score": {"Y": 0, "K": 27}, "turns": 95, "seed": 1017}, "win": false, "draw": false, "score_margin": -27, "max_turn_ms": 36.40122600018003, "opponent_max_turn_ms": 58.963391999895975, "replay": "records/tuning/assets/losses-team/seed-1017-Y.json"}
{"seed": 1016, "team": "K", "result": {"winner": "K", "reason": "score", "score": {"Y": 2, "K": 35}, "turns": 160, "seed": 1016}, "win": true, "draw": false, "score_margin": 33, "max_turn_ms": 41.53630299970246, "opponent_max_turn_ms": 53.1419779999851}
{"seed": 1017, "team": "K", "result": {"winner": "K", "reason": "score", "score": {"Y": 10, "K": 16}, "turns": 160, "seed": 1017}, "win": true, "draw": false, "score_margin": 6, "max_turn_ms": 33.71018999996522, "opponent_max_turn_ms": 118.28530299999329}
{"seed": 1018, "team": "Y", "result": {"winner": "Y", "reason": "instant", "score": {"Y": 39, "K": 0}, "turns": 148, "seed": 1018}, "win": true, "draw": false, "score_margin": 39, "max_turn_ms": 31.52006199979951, "opponent_max_turn_ms": 51.48448799991456}
{"seed": 1018, "team": "K", "result": {"winner": "K", "reason": "score", "score": {"Y": 9, "K": 28}, "turns": 160, "seed": 1018}, "win": true, "draw": false, "score_margin": 19, "max_turn_ms": 27.921800000058283, "opponent_max_turn_ms": 85.63168299997415}
{"seed": 1019, "team": "Y", "result": {"winner": "Y", "reason": "score", "score": {"Y": 24, "K": 14}, "turns": 160, "seed": 1019}, "win": true, "draw": false, "score_margin": 10, "max_turn_ms": 35.30537999995431, "opponent_max_turn_ms": 54.914422999900125}
{"seed": 1019, "team": "K", "result": {"winner": "K", "reason": "score", "score": {"Y": 3, "K": 32}, "turns": 160, "seed": 1019}, "win": true, "draw": false, "score_margin": 29, "max_turn_ms": 30.090772000221477, "opponent_max_turn_ms": 72.80449699965175}
{"matches": 28, "wins": 18, "draws": 0, "losses": 10, "forfeits": 0, "max_turn_ms": 57.0693200002097, "opponent_max_turn_ms": 118.28530299999329, "mean_score_margin": 9.035714285714286, "full_length_matches": 22, "by_team": {"Y": {"wins": 8, "draws": 0, "matches": 14}, "K": {"wins": 10, "draws": 0, "matches": 14}}}
