recorded_K_contact_old_exact: PASS
recorded_K_contact_candidate_preserves_seed: PASS
recorded_Y_balanced_old_exact: PASS
recorded_Y_balanced_candidate_preserves_seed: PASS
threshold_0: PASS
defense_retained_0: PASS
threshold_1: PASS
defense_retained_1: PASS
threshold_2: PASS
defense_retained_2: PASS
threshold_3: PASS
defense_retained_3: PASS
threshold_4: PASS
defense_retained_4: PASS
threshold_5: PASS
defense_retained_5: PASS
same_turn_production_counts: PASS
clipped_production_does_not_skip: PASS
two_other_reservations_keep_one: PASS
two_other_reservations_happen: PASS
flag_escort_stays_intact: PASS
enemy_warrior_threat_unchanged: PASS
turn150_unchanged: PASS
checks=23 all_passed=true
